<ul class="navigation">
    <li class="dropdown">
        <button id="dropdownMenuLink" class="dropdown-toggle" data-toggle="dropdown">Dropdown <i class="caret"></i></button>
        <ul class="dropdown-menu" id="dropdownMenu" aria-labelledby="dropdownMenuLink">
            <li>
                <a href="page1">Page 1</a>
            </li>
            <li>
                <a href="page2">Page 2</a>
            </li>
        </ul>
    </li>
</ul>
