<ul role="navigation" aria-label="Main" class="navigation">
    <li>
        <a href="page1">Page 1</a>
        <ul>
            <li>
                <a href="page1/page1_1">Page 1.1</a>
            </li>
        </ul>
    </li>
    <li role="separator" class="separator">
        <span></span>
    </li>
    <li class="active">
        <a href="page2">Page 2</a>
        <ul>
            <li>
                <a href="page2/page2_1">Page 2.1</a>
            </li>
            <li class="active">
                <a href="page2/page2_2">Page 2.2</a>
                <ul>
                    <li>
                        <a href="page2/page2_2/page2_2_1">Page 2.2.1</a>
                    </li>
                    <li class="active">
                        <a href="page2/page2_2/page2_2_2">Page 2.2.2</a>
                    </li>
                </ul>
            </li>
        </ul>
    </li>
</ul>
