<ul class="navigation">
    <li>
        <a href="page2/page2_2/page2_2_1">Page 2.2.1</a>
    </li>
    <li class="active">
        <a href="page2/page2_2/page2_2_2">Page 2.2.2</a>
    </li>
</ul>
