<ul class="navigation">
    <li>
        <div><img src="https://www.gravatar.com/avatar?d=mm"> John Doe</div>
    </li>
</ul>
