<ul class="navigation">
    <li>
        <strong>Partial</strong>
    </li>
</ul>
